I'm sorry, but errors were detected in your script. Please correct the
errors listed below, and try again.


File "game/screens.rpy", line 1066: keyword argument 'yalign' is incompatible with 'ypos'.
    yalign 0.5
          ^

Ren'Py Version: Ren'Py 8.3.2.24090902
Sun Mar  1 21:08:15 2026
